src/pages/DashboardPage.tsx(155,10): error TS2304: Cannot find name 'Card'.
src/pages/DashboardPage.tsx(156,12): error TS2304: Cannot find name 'CardHeader'.
src/pages/DashboardPage.tsx(175,11): error TS2304: Cannot find name 'Card'.
src/pages/DashboardPage.tsx(189,16): error TS2304: Cannot find name 'Zap'.
